../BSP/DS1307.c:20:9:ds1307_init	16	static
../BSP/DS1307.c:43:6:ds1307_set_current_time	24	static
../BSP/DS1307.c:65:6:ds1307_set_current_date	16	static
../BSP/DS1307.c:77:6:ds1307_get_current_time	24	static
../BSP/DS1307.c:102:6:ds1307_get_current_date	16	static
../BSP/DS1307.c:111:13:ds1307_i2c_pin_config	32	static
../BSP/DS1307.c:147:13:ds1307_i2c_config	8	static
../BSP/DS1307.c:156:13:ds1307_write	32	static
../BSP/DS1307.c:166:16:ds1307_read	32	static
../BSP/DS1307.c:177:16:binary_to_bcd	24	static
../BSP/DS1307.c:193:16:bcd_to_binary	24	static
